lcd.c:629:6:LCD_WR_REG	16	static
lcd.c:635:6:LCD_WR_DATA	16	static
lcd.c:641:10:LCD_RD_DATA	16	static
lcd.c:655:6:LCD_Address_Set	24	static
lcd.c:675:6:LCD_SetCursor	16	static
lcd.c:686:6:LCD_DisplayOn	8	static
lcd.c:691:6:LCD_DisplayOff	8	static
lcd.c:700:10:LCD_ReadPoint	24	static
lcd.c:714:6:LCD_Clear	24	static
lcd.c:734:6:LCD_Fill	32	static
lcd.c:753:6:LCD_DrawPoint	16	static
lcd.c:767:6:LCD_DrawLine	64	static
lcd.c:810:6:LCD_DrawRectangle	32	static
lcd.c:826:6:Draw_Circle	32	static
lcd.c:858:6:LCD_ShowChinese	40	static
lcd.c:882:6:LCD_ShowChinese12x12	48	static
lcd.c:940:6:LCD_ShowChinese16x16	48	static
lcd.c:998:6:LCD_ShowChinese24x24	48	static
lcd.c:1055:6:LCD_ShowChinese32x32	48	static
lcd.c:1123:6:LCD_ShowChar	40	static
lcd.c:1178:6:LCD_ShowString	48	static
lcd.c:1194:10:mypow	24	static
lcd.c:1212:6:LCD_ShowIntNum	48	static
lcd.c:1244:6:LCD_ShowFloatNum1	56	static
lcd.c:1272:6:LCD_ShowPicture	40	static
lcd.c:1291:6:Set_Dir	16	static
lcd.c:1307:6:LCD_Init	8	static
