lcd.c:26:6:LCD_WR_REG	16	static
lcd.c:32:6:LCD_WR_DATA	16	static
lcd.c:38:10:LCD_RD_DATA	16	static
lcd.c:52:6:lcd_AddressSet	24	static
lcd.c:72:6:lcd_SetCursor	16	static
lcd.c:83:6:lcd_DisplayOn	8	static
lcd.c:88:6:lcd_DisplayOff	8	static
lcd.c:97:10:lcd_ReadPoint	24	static
lcd.c:111:6:lcd_Clear	24	static
lcd.c:131:6:lcd_Fill	32	static
lcd.c:150:6:lcd_DrawPoint	16	static
lcd.c:164:6:lcd_DrawLine	64	static
lcd.c:207:6:lcd_DrawRectangle	32	static
lcd.c:223:6:lcd_DrawCircle	32	static
lcd.c:255:6:lcd_ShowChar	40	static
lcd.c:310:6:lcd_ShowString	48	static
lcd.c:326:10:mypow	24	static
lcd.c:344:6:lcd_ShowIntNum	48	static
lcd.c:376:6:lcd_ShowFloatNum1	56	static
lcd.c:404:6:lcd_ShowPicture	40	static
lcd.c:423:6:lcd_SetDir	16	static
lcd.c:439:6:lcd_init	8	static
lcd.c:556:6:_draw_circle_8	24	static
lcd.c:583:6:gui_circle	48	static
lcd.c:632:6:lcd_ShowStr	56	static
lcd.c:671:6:lcd_StrCenter	48	static
lcd.c:678:6:lcd_ShowOne	24	static
lcd.c:688:6:lcd_Test	32	static
