lcd.c:2500:6:LCD_WR_REG	16	static
lcd.c:2506:6:LCD_WR_DATA	16	static
lcd.c:2512:10:LCD_RD_DATA	16	static
lcd.c:2526:6:LCD_Address_Set	24	static
lcd.c:2546:6:LCD_SetCursor	16	static
lcd.c:2557:6:LCD_DisplayOn	8	static
lcd.c:2562:6:LCD_DisplayOff	8	static
lcd.c:2571:10:LCD_ReadPoint	24	static
lcd.c:2585:6:LCD_Clear	24	static
lcd.c:2605:6:LCD_Fill	32	static
lcd.c:2624:6:LCD_DrawPoint	16	static
lcd.c:2638:6:LCD_DrawLine	64	static
lcd.c:2681:6:LCD_DrawRectangle	32	static
lcd.c:2697:6:Draw_Circle	32	static
lcd.c:2729:6:LCD_ShowChinese	40	static
lcd.c:2753:6:LCD_ShowChinese12x12	48	static
lcd.c:2811:6:LCD_ShowChinese16x16	48	static
lcd.c:2869:6:LCD_ShowChinese24x24	48	static
lcd.c:2926:6:LCD_ShowChinese32x32	48	static
lcd.c:2994:6:LCD_ShowChar	40	static
lcd.c:3049:6:LCD_ShowString	48	static
lcd.c:3065:10:mypow	24	static
lcd.c:3083:6:LCD_ShowIntNum	48	static
lcd.c:3115:6:LCD_ShowFloatNum1	56	static
lcd.c:3143:6:LCD_ShowPicture	40	static
lcd.c:3162:6:Set_Dir	16	static
lcd.c:3178:6:LCD_Init	8	static
lcd.c:3288:6:GUI_DrawPoint	16	static
lcd.c:3301:6:_draw_circle_8	24	static
lcd.c:3328:6:gui_circle	48	static
lcd.c:3377:6:Show_Str	56	static
lcd.c:3430:6:Gui_StrCenter	48	static
lcd.c:3437:6:LcdTest	32	static
lcd.c:3447:6:LcdShowOne	24	static
