lcd.c:630:6:LCD_WR_REG	16	static
lcd.c:636:6:LCD_WR_DATA	16	static
lcd.c:642:10:LCD_RD_DATA	16	static
lcd.c:656:6:LCD_Address_Set	24	static
lcd.c:676:6:LCD_SetCursor	16	static
lcd.c:687:6:LCD_DisplayOn	8	static
lcd.c:692:6:LCD_DisplayOff	8	static
lcd.c:701:10:LCD_ReadPoint	24	static
lcd.c:715:6:LCD_Clear	24	static
lcd.c:735:6:LCD_Fill	32	static
lcd.c:754:6:LCD_DrawPoint	16	static
lcd.c:768:6:LCD_DrawLine	64	static
lcd.c:811:6:LCD_DrawRectangle	32	static
lcd.c:827:6:Draw_Circle	32	static
lcd.c:859:6:LCD_ShowChinese	40	static
lcd.c:883:6:LCD_ShowChinese12x12	48	static
lcd.c:941:6:LCD_ShowChinese16x16	48	static
lcd.c:999:6:LCD_ShowChinese24x24	48	static
lcd.c:1056:6:LCD_ShowChinese32x32	48	static
lcd.c:1124:6:LCD_ShowChar	40	static
lcd.c:1179:6:LCD_ShowString	48	static
lcd.c:1195:10:mypow	24	static
lcd.c:1213:6:LCD_ShowIntNum	48	static
lcd.c:1245:6:LCD_ShowFloatNum1	56	static
lcd.c:1273:6:LCD_ShowPicture	40	static
lcd.c:1292:6:Set_Dir	16	static
lcd.c:1308:6:LCD_Init	8	static
lcd.c:1414:6:GUI_DrawPoint	16	static
lcd.c:1427:6:_draw_circle_8	24	static
lcd.c:1454:6:gui_circle	48	static
lcd.c:1503:6:Show_Str	56	static
lcd.c:1556:6:Gui_StrCenter	48	static
