main.c:91:6:DrawTestPage	32	static
main.c:105:5:main	64	static
main.c:176:6:SystemClock_Config	88	static
main.c:220:13:MX_ADC1_Init	24	static
main.c:294:13:MX_I2C1_Init	8	static
main.c:328:13:MX_SPI1_Init	8	static
main.c:366:13:MX_TIM2_Init	32	static
main.c:411:13:MX_TIM3_Init	32	static
main.c:456:13:MX_TIM13_Init	40	static
main.c:502:13:MX_USART1_UART_Init	8	static
main.c:535:13:MX_USART2_UART_Init	8	static
main.c:566:13:MX_DMA_Init	16	static
main.c:584:13:MX_GPIO_Init	64	static
main.c:671:13:MX_FSMC_Init	64	static
main.c:732:6:delay_us	16	static
main.c:740:6:output_Test	8	static
main.c:757:6:init_system	8	static
main.c:774:6:Error_Handler	4	static,ignoring_inline_asm
