main.c:94:5:main	8	static
main.c:166:6:SystemClock_Config	88	static
main.c:210:13:MX_ADC1_Init	24	static
main.c:284:13:MX_I2C1_Init	8	static
main.c:318:13:MX_SPI1_Init	8	static
main.c:356:13:MX_TIM2_Init	32	static
main.c:401:13:MX_TIM3_Init	32	static
main.c:446:13:MX_TIM13_Init	40	static
main.c:492:13:MX_USART1_UART_Init	8	static
main.c:525:13:MX_USART2_UART_Init	8	static
main.c:556:13:MX_DMA_Init	16	static
main.c:574:13:MX_GPIO_Init	64	static
main.c:642:6:delay_us	16	static
main.c:650:6:test_output	8	static
main.c:662:6:Error_Handler	4	static,ignoring_inline_asm
